// Jest Snapshot v1, https://goo.gl/fbAQLP

exports[`<Header /> render 1`] = `
<View
  style={
    Object {
      "backgroundColor": "#fff",
      "padding": 16,
    }
  }
>
  <View />
  <View
    style={
      Array [
        Object {
          "alignItems": "center",
          "flexDirection": "row",
        },
        Object {
          "marginTop": 20,
        },
      ]
    }
  >
    <Text
      allowFontScaling={false}
      style={
        Array [
          Object {
            "color": "#4f6780",
            "fontSize": 24,
          },
          undefined,
          Object {
            "fontFamily": "Material Design Icons",
            "fontStyle": "normal",
            "fontWeight": "normal",
          },
          Object {},
        ]
      }
    >
      若
    </Text>
    <Text
      style={
        Object {
          "color": "#333",
          "flex": 1,
          "fontSize": 16,
          "fontWeight": "100",
          "marginLeft": 16,
        }
      }
    >
      iCare Pontianak
    </Text>
    <Text
      allowFontScaling={false}
      style={
        Array [
          Object {
            "color": "#525252",
            "fontSize": 20,
          },
          undefined,
          Object {
            "fontFamily": "Ionicons",
            "fontStyle": "normal",
            "fontWeight": "normal",
          },
          Object {},
        ]
      }
    >
      
    </Text>
  </View>
  <View
    style={
      Array [
        Object {
          "alignItems": "center",
          "borderRadius": 5,
          "flexDirection": "row",
        },
        Object {
          "backgroundColor": "#ECEFF1",
          "marginBottom": undefined,
          "marginHorizontal": undefined,
          "marginTop": 12,
        },
        undefined,
      ]
    }
  >
    <TextInput
      allowFontScaling={true}
      placeholder="Mau cari tindakan atau bantuan apa?"
      placeholderTextColor="#78909C"
      rejectResponderTermination={true}
      style={
        Array [
          Object {
            "color": "#333",
            "flex": 1,
            "paddingHorizontal": 10,
            "paddingVertical": 4,
          },
          Object {
            "color": "#37474F",
          },
        ]
      }
      underlineColorAndroid="transparent"
    />
    <Text
      allowFontScaling={false}
      style={
        Array [
          Object {
            "color": "#37474F",
            "fontSize": 18,
          },
          Object {
            "marginHorizontal": 10,
          },
          Object {
            "fontFamily": "Ionicons",
            "fontStyle": "normal",
            "fontWeight": "normal",
          },
          Object {},
        ]
      }
    >
      
    </Text>
  </View>
</View>
`;

exports[`<ItemPelayanan /> render 1`] = `
<View
  accessible={true}
  clickable={false}
  isTVSelectable={true}
  onClick={[Function]}
  onResponderGrant={[Function]}
  onResponderMove={[Function]}
  onResponderRelease={[Function]}
  onResponderTerminate={[Function]}
  onResponderTerminationRequest={[Function]}
  onStartShouldSetResponder={[Function]}
  style={
    Object {
      "alignItems": "center",
      "flex": 1,
      "height": 80,
      "minWidth": "25%",
      "opacity": 1,
      "padding": 12,
    }
  }
>
  <Image
    style={
      Object {
        "flex": 1,
        "height": "100%",
        "resizeMode": "contain",
      }
    }
  />
  <Text
    style={
      Object {
        "color": "#525252",
        "fontSize": 11,
        "marginTop": 8,
        "textAlign": "center",
      }
    }
  >
    Item
  </Text>
</View>
`;
